11/20/2025 05:11:38 - [INFO] - [io.github.selcukes.example.cucumber.steps.CucumberHooks.beforeTest:38] - Starting Scenario ..Navigation to Secure Dialog
11/20/2025 05:11:38 - [INFO] - [io.github.selcukes.example.cucumber.steps.CucumberHooks.beforeStep:43] - Before Step
11/20/2025 05:11:39 - [INFO] - [io.github.selcukes.core.listener.EventCapture.beforeClick:49] - Clicking on App
11/20/2025 05:11:40 - [INFO] - [io.github.selcukes.example.cucumber.steps.CucumberHooks.afterStep:48] - After Step
11/20/2025 05:11:43 - [INFO] - [io.github.selcukes.example.cucumber.steps.CucumberHooks.beforeStep:43] - Before Step
11/20/2025 05:11:44 - [INFO] - [io.github.selcukes.core.validation.ElementValidation.isVisible:85] - Verifying element [accessibility id: Activity] is visible
11/20/2025 05:11:44 - [INFO] - [io.github.selcukes.example.cucumber.steps.CucumberHooks.afterStep:48] - After Step
11/20/2025 05:11:44 - [INFO] - [io.github.selcukes.example.cucumber.steps.CucumberHooks.beforeStep:43] - Before Step
11/20/2025 05:11:44 - [INFO] - [io.github.selcukes.core.listener.EventCapture.beforeClick:49] - Clicking on Activity
11/20/2025 05:11:46 - [INFO] - [io.github.selcukes.example.cucumber.steps.CucumberHooks.afterStep:48] - After Step
11/20/2025 05:11:49 - [INFO] - [io.github.selcukes.example.cucumber.steps.CucumberHooks.beforeStep:43] - Before Step
11/20/2025 05:11:55 - [INFO] - [io.github.selcukes.core.validation.ElementValidation.isVisible:85] - Verifying element [accessibility id: Secure Surfaces] is visible
11/20/2025 05:11:55 - [INFO] - [io.github.selcukes.core.listener.EventCapture.beforeClick:49] - Clicking on Secure Surfaces
11/20/2025 05:11:57 - [INFO] - [io.github.selcukes.example.cucumber.steps.CucumberHooks.afterStep:48] - After Step
11/20/2025 05:11:58 - [INFO] - [io.github.selcukes.example.cucumber.steps.CucumberHooks.beforeStep:43] - Before Step
11/20/2025 05:11:58 - [INFO] - [io.github.selcukes.core.validation.ElementValidation.isVisible:85] - Verifying element [accessibility id: Secure Dialog] is visible
11/20/2025 05:11:58 - [INFO] - [io.github.selcukes.example.cucumber.steps.CucumberHooks.afterStep:48] - After Step
11/20/2025 05:11:58 - [INFO] - [io.github.selcukes.example.cucumber.steps.CucumberHooks.beforeStep:43] - Before Step
11/20/2025 05:11:59 - [INFO] - [io.github.selcukes.core.listener.EventCapture.beforeClick:49] - Clicking on Secure Dialog
11/20/2025 05:12:00 - [INFO] - [io.github.selcukes.example.cucumber.steps.CucumberHooks.afterStep:48] - After Step
11/20/2025 05:12:02 - [INFO] - [io.github.selcukes.example.cucumber.steps.CucumberHooks.beforeStep:43] - Before Step
11/20/2025 05:12:02 - [INFO] - [io.github.selcukes.core.validation.ElementValidation.isVisible:85] - Verifying element [accessibility id: Show secure dialog] is visible
11/20/2025 05:12:02 - [INFO] - [io.github.selcukes.example.cucumber.steps.CucumberHooks.afterStep:48] - After Step
11/20/2025 05:12:03 - [INFO] - [io.github.selcukes.example.cucumber.steps.CucumberHooks.beforeStep:43] - Before Step
11/20/2025 05:12:03 - [INFO] - [io.github.selcukes.core.listener.EventCapture.beforeClick:49] - Clicking on SHOW SECURE DIALOG
11/20/2025 05:12:03 - [INFO] - [io.github.selcukes.example.cucumber.steps.CucumberHooks.afterStep:48] - After Step
11/20/2025 05:12:05 - [INFO] - [io.github.selcukes.example.cucumber.steps.CucumberHooks.beforeStep:43] - Before Step
11/20/2025 05:12:06 - [INFO] - [io.github.selcukes.core.listener.EventCapture.beforeClick:49] - Clicking on OK
11/20/2025 05:12:07 - [INFO] - [io.github.selcukes.example.cucumber.steps.CucumberHooks.afterStep:48] - After Step
11/20/2025 05:12:08 - [INFO] - [io.github.selcukes.example.cucumber.steps.CucumberHooks.afterTest:59] - Completed Scenario ..Navigation to Secure Dialog
11/20/2025 05:12:08 - [INFO] - [io.github.selcukes.example.cucumber.steps.CucumberHooks.afterAll:31] - After All ...
11/20/2025 05:12:09 - [DEBUG] - [io.github.selcukes.testng.listeners.TestListener.onFinish:30] - Gradle test Execution finished...
11/20/2025 05:12:12 - [INFO] - [io.github.selcukes.core.listener.EventCapture.afterQuit:71] - Driver closed
11/20/2025 05:12:12 - [DEBUG] - [io.github.selcukes.core.driver.DriverManager.lambda$removeAllDrivers$4:180] - Closed driver 1279369591 and removed from DevicePool.
11/20/2025 05:12:12 - [INFO] - [io.github.selcukes.core.driver.AppiumEngine.stopServer:69] - Stopped Appium server...
11/20/2025 05:12:12 - [DEBUG] - [io.github.selcukes.core.listener.ResourceCleanupProvider.afterSuite:40] - Test Suite Execution finished...
